12 3000 050-1111110
123 3000 050-1111110
12 3000 050-1111110
11 2000 050-1111110
