13 5000 050-0000123
12 4000 050-0000123
15 2000 050-0000123
